<html>
<body>
<pre>
<h1>µVision Build Log</h1>
<h2>Tool Versions:</h2>
IDE-Version: ¦ÌVision V5.34.0.0
Copyright (C) 2021 ARM Ltd and ARM Germany GmbH. All rights reserved.
License Information: 1 Administrator, 1, LIC=8VRJ7-E0VMQ-Z99G9-4HQED-H2EWX-MXLUX
 
Tool Versions:
Toolchain:       MDK-ARM Plus  Version: 5.34.0.0
Toolchain Path:  D:\keil5\core\ARM\ARMCC\Bin
C Compiler:      Armcc.exe V5.06 update 7 (build 960)
Assembler:       Armasm.exe V5.06 update 7 (build 960)
Linker/Locator:  ArmLink.exe V5.06 update 7 (build 960)
Library Manager: ArmAr.exe V5.06 update 7 (build 960)
Hex Converter:   FromElf.exe V5.06 update 7 (build 960)
CPU DLL:         SARMCM3.DLL V5.34.0.0
Dialog DLL:      DARMSTM.DLL V1.68.0.0
Target DLL:      STLink\ST-LINKIII-KEIL_SWO.dll V3.0.8.0
Dialog DLL:      TARMSTM.DLL V1.66.0.0
 
<h2>Project:</h2>
E:\PoTai\´úÂë - ¸±±¾\USER\main.uvprojx
Project File Date:  05/09/2026

<h2>Output:</h2>
*** Using Compiler 'V5.06 update 7 (build 960)', folder: 'D:\keil5\core\ARM\ARMCC\Bin'
Build target 'Project'
compiling stm32f10x_bkp.c...
compiling stm32f10x_cec.c...
compiling misc.c...
compiling stm32f10x_can.c...
compiling stm32f10x_adc.c...
compiling stm32f10x_it.c...
compiling system_stm32f10x.c...
compiling main.c...
compiling stm32f10x_dbgmcu.c...
compiling stm32f10x_dac.c...
compiling stm32f10x_exti.c...
compiling stm32f10x_crc.c...
compiling stm32f10x_dma.c...
compiling stm32f10x_flash.c...
compiling stm32f10x_gpio.c...
compiling stm32f10x_fsmc.c...
compiling stm32f10x_i2c.c...
compiling stm32f10x_iwdg.c...
compiling stm32f10x_pwr.c...
compiling stm32f10x_rtc.c...
compiling stm32f10x_sdio.c...
assembling startup_stm32f10x_md.s...
compiling stm32f10x_rcc.c...
compiling stm32f10x_spi.c...
compiling stm32f10x_tim.c...
compiling core_cm3.c...
compiling stm32f10x_wwdg.c...
compiling delay.c...
compiling stm32f10x_usart.c...
compiling IO_Init.c...
compiling sys.c...
compiling usart.c...
compiling timer.c...
compiling OLED.C...
compiling common.c...
compiling dataPointTools.c...
compiling ringbuffer.c...
compiling gagent_md5.c...
compiling DHT11.c...
compiling gizwits_product.c...
..\Gizwits\gizwits_product.c(235): warning:  #223-D: function "keyHandle" declared implicitly
  			keyHandle();
..\Gizwits\gizwits_product.c: 1 warning, 0 errors
compiling hal_stm32f10x.c...
compiling gizwits_protocol.c...
..\Gizwits\gizwits_protocol.c(151): warning:  #177-D: variable "bitFieldOffset"  was declared but never referenced
      uint32_t bitFieldOffset = 0;//Bit position offset
..\Gizwits\gizwits_protocol.c(202): warning:  #550-D: variable "lastReportTime"  was set but never used
      static uint32_t lastReportTime = 0;
..\Gizwits\gizwits_protocol.c(203): warning:  #550-D: variable "currentTime"  was set but never used
      uint32_t currentTime = 0;
..\Gizwits\gizwits_protocol.c: 3 warnings, 0 errors
linking...
Program Size: Code=17624 RO-data=2340 RW-data=152 ZI-data=5008  
FromELF: creating hex file...
"..\OBJ\main.axf" - 0 Error(s), 4 Warning(s).

<h2>Software Packages used:</h2>

Package Vendor: Keil
                http://www.keil.com/pack/Keil.STM32F1xx_DFP.2.4.0.pack
                Keil.STM32F1xx_DFP.2.4.0
                STMicroelectronics STM32F1 Series Device Support, Drivers and Examples

<h2>Collection of Component include folders:</h2>
  D:\keil5\pack\Keil\STM32F1xx_DFP\2.4.0\Device\Include

<h2>Collection of Component Files used:</h2>
Build Time Elapsed:  00:00:05
</pre>
</body>
</html>
